
> ambalavanan-portfolio@0.0.0 build
> vite build

[36mvite v6.4.1 [32mbuilding for production...[36m[39m
transforming...
node.exe : Error: Cannot apply 
unknown utility class `bg-bg`. Are 
you using CSS modules or similar and 
missing `@reference`? https://tailwin
dcss.com/docs/functions-and-directive
s#reference-directive
At line:1 char:1
+ & "C:\Program 
Files\nodejs/node.exe" "C:\Program 
Files\nodejs/node_mo ...
+ ~~~~~~~~~~~~~~~~~~~~~~~~~~~~~~~~~~~
~~~~~~~~~~~~~~~~~~~~~~~~~~~~~~~~~~
    + CategoryInfo          : 
NotSpecified: (Error: Cannot 
a...rence-direc    tive:String) [], 
RemoteException
    + FullyQualifiedErrorId : 
NativeCommandError
 
    at onInvalidCandidate (D:\Documen
ts\ambalavanan-sportfolio-main\node_m
odules\tailwindcss\dist\lib.js:21:131
4)
    at Ee (D:\Documents\ambalavanan-s
portfolio-main\node_modules\tailwindc
ss\dist\lib.js:16:37066)
    at D:\Documents\ambalavanan-sport
folio-main\node_modules\tailwindcss\d
ist\lib.js:21:355
    at Pr (D:\Documents\ambalavanan-s
portfolio-main\node_modules\tailwindc
ss\dist\lib.js:3:1733)
    at _ (D:\Documents\ambalavanan-sp
ortfolio-main\node_modules\tailwindcs
s\dist\lib.js:3:1377)
    at Te (D:\Documents\ambalavanan-s
portfolio-main\node_modules\tailwindc
ss\dist\lib.js:21:172)
    at pn (D:\Documents\ambalavanan-s
portfolio-main\node_modules\tailwindc
ss\dist\lib.js:38:294)
    at async dn (D:\Documents\ambalav
anan-sportfolio-main\node_modules\tai
lwindcss\dist\lib.js:38:631)
    at async Xr (D:\Documents\ambalav
anan-sportfolio-main\node_modules\@ta
ilwindcss\node\dist\index.js:10:3417)
    at async N (D:\Documents\ambalava
nan-sportfolio-main\node_modules\@tai
lwindcss\postcss\dist\index.js:10:397
9)
[32mΓ£ô[39m 3 modules transformed.
[31mΓ£ù[39m Build failed in 1.93s
[31merror during build:
[31m[vite:css] [postcss] 
tailwindcss: D:/Documents/ambalavanan
-sportfolio-main/index.css:1:1: 
Cannot apply unknown utility class 
`bg-bg`. Are you using CSS modules 
or similar and missing `@reference`? 
https://tailwindcss.com/docs/function
s-and-directives#reference-directive
[31m
file: [36mD:/Documents/ambalavanan-s
portfolio-main/index.css:1:0[31m
    at Input.error (D:\Documents\amba
lavanan-sportfolio-main\node_modules\
postcss\lib\input.js:135:16)
    at Root.error (D:\Documents\ambal
avanan-sportfolio-main\node_modules\p
ostcss\lib\node.js:146:32)
    at Object.Once (D:\Documents\amba
lavanan-sportfolio-main\node_modules\
@tailwindcss\postcss\dist\index.js:10
:6913)
    at async LazyResult.runAsync (D:\
Documents\ambalavanan-sportfolio-main
\node_modules\postcss\lib\lazy-result
.js:293:11)
    at async runPostCSS (file:///D:/D
ocuments/ambalavanan-sportfolio-main/
node_modules/vite/dist/node/chunks/de
p-D4NMHUTW.js:43853:21)
    at async compilePostCSS (file:///
D:/Documents/ambalavanan-sportfolio-m
ain/node_modules/vite/dist/node/chunk
s/dep-D4NMHUTW.js:43823:18)
    at async compileCSS (file:///D:/D
ocuments/ambalavanan-sportfolio-main/
node_modules/vite/dist/node/chunks/de
p-D4NMHUTW.js:43678:27)
    at async Object.handler (file:///
D:/Documents/ambalavanan-sportfolio-m
ain/node_modules/vite/dist/node/chunk
s/dep-D4NMHUTW.js:42994:11)
    at async transform (file:///D:/Do
cuments/ambalavanan-sportfolio-main/n
ode_modules/rollup/dist/es/shared/nod
e-entry.js:21269:16)
    at async 
ModuleLoader.addModuleSource (file://
/D:/Documents/ambalavanan-sportfolio-
main/node_modules/rollup/dist/es/shar
ed/node-entry.js:21497:36)[39m
